2026-05-12 01:30:39 | INFO | 【处理 #1】
2026-05-12 01:30:39 | INFO | 原始文本: 你好世界
2026-05-12 01:30:39 | INFO | 文本hex: e4bda0e5a5bde4b896e7958c
2026-05-12 01:30:39 | INFO | 键盘处理: E4BDA0E5A5BDE4B896E7958C
2026-05-12 01:30:39 | INFO | MHA输出: E90AAA04313FE338
2026-05-12 01:30:40 | INFO | 已保存: ./pipeline_demo/result_20260512_013039.hex
2026-05-12 01:30:40 | INFO | --------------------------------------------------
2026-05-12 01:30:59 | INFO | 【处理 #1】
2026-05-12 01:30:59 | INFO | 原始文本: 你好世界
2026-05-12 01:30:59 | INFO | 文本hex: e4bda0e5a5bde4b896e7958c
2026-05-12 01:30:59 | INFO | 键盘处理: E4BDA0E5A5BDE4B896E7958C
2026-05-12 01:30:59 | INFO | MHA输出: E90AAA04313FE338
2026-05-12 01:30:59 | INFO | 已保存: ./pipeline_demo/result_20260512_013059.hex
2026-05-12 01:30:59 | INFO | --------------------------------------------------
2026-05-12 01:30:59 | INFO | 【处理 #2】
2026-05-12 01:30:59 | INFO | 原始文本: Hello
2026-05-12 01:30:59 | INFO | 文本hex: 48656c6c6f
2026-05-12 01:30:59 | INFO | 索引hex: 0001
2026-05-12 01:30:59 | INFO | 拼接后: 000148656c6c6f
2026-05-12 01:30:59 | INFO | 键盘处理: 000148656C6C6F
2026-05-12 01:30:59 | INFO | MHA输出: 49B49C84D12F83
2026-05-12 01:30:59 | INFO | --------------------------------------------------
2026-05-12 01:30:59 | INFO | 解码结果: 
